
------------------------
2022.07.23 16:07:46
webform result
Array
(
    [result] => 117479
    [time] => Array
        (
            [start] => 1658581665.0975
            [finish] => 1658581666.0074
            [duration] => 0.90993118286133
            [processing] => 0.78956198692322
            [date_start] => 2022-07-23T16:07:45+03:00
            [date_finish] => 2022-07-23T16:07:46+03:00
            [operating] => 0.78952693939209
        )

)

------------------------

------------------------
2022.07.23 20:28:22
webform result
Array
(
    [result] => 117491
    [time] => Array
        (
            [start] => 1658597301.1989
            [finish] => 1658597302.1465
            [duration] => 0.9476261138916
            [processing] => 0.90732908248901
            [date_start] => 2022-07-23T20:28:21+03:00
            [date_finish] => 2022-07-23T20:28:22+03:00
            [operating] => 0.9072949886322
        )

)

------------------------

------------------------
2022.07.24 11:51:03
webform result
Array
(
    [result] => 117505
    [time] => Array
        (
            [start] => 1658652662.4373
            [finish] => 1658652663.2632
            [duration] => 0.82585692405701
            [processing] => 0.78519296646118
            [date_start] => 2022-07-24T11:51:02+03:00
            [date_finish] => 2022-07-24T11:51:03+03:00
            [operating] => 3.1675183773041
        )

)

------------------------

------------------------
2022.07.25 10:57:19
webform result
Array
(
    [result] => 117543
    [time] => Array
        (
            [start] => 1658735837.6823
            [finish] => 1658735839.4408
            [duration] => 1.7585070133209
            [processing] => 1.6901788711548
            [date_start] => 2022-07-25T10:57:17+03:00
            [date_finish] => 2022-07-25T10:57:19+03:00
            [operating] => 1.6901388168335
        )

)

------------------------

------------------------
2022.07.25 14:15:17
webform result
Array
(
    [result] => 117569
    [time] => Array
        (
            [start] => 1658747715.0071
            [finish] => 1658747716.9609
            [duration] => 1.9537878036499
            [processing] => 1.8880548477173
            [date_start] => 2022-07-25T14:15:15+03:00
            [date_finish] => 2022-07-25T14:15:16+03:00
            [operating] => 1.8880090713501
        )

)

------------------------

------------------------
2022.07.25 15:51:55
webform result
Array
(
    [result] => 117581
    [time] => Array
        (
            [start] => 1658753514.6098
            [finish] => 1658753515.5319
            [duration] => 0.92210984230042
            [processing] => 0.88190889358521
            [date_start] => 2022-07-25T15:51:54+03:00
            [date_finish] => 2022-07-25T15:51:55+03:00
            [operating] => 0.88187599182129
        )

)

------------------------

------------------------
2022.07.25 16:14:03
webform result
Array
(
    [result] => 117589
    [time] => Array
        (
            [start] => 1658754842.2472
            [finish] => 1658754843.4194
            [duration] => 1.1722738742828
            [processing] => 1.0608580112457
            [date_start] => 2022-07-25T16:14:02+03:00
            [date_finish] => 2022-07-25T16:14:03+03:00
            [operating] => 1.0608220100403
        )

)

------------------------

------------------------
2022.07.26 13:46:37
webform result
Array
(
    [result] => 117651
    [time] => Array
        (
            [start] => 1658832395.9441
            [finish] => 1658832397.5231
            [duration] => 1.5790369510651
            [processing] => 1.5344979763031
            [date_start] => 2022-07-26T13:46:35+03:00
            [date_finish] => 2022-07-26T13:46:37+03:00
            [operating] => 1.5344750881195
        )

)

------------------------

------------------------
2022.07.26 13:47:08
webform result
Array
(
    [result] => 117653
    [time] => Array
        (
            [start] => 1658832427.5944
            [finish] => 1658832428.3845
            [duration] => 0.79016089439392
            [processing] => 0.76516079902649
            [date_start] => 2022-07-26T13:47:07+03:00
            [date_finish] => 2022-07-26T13:47:08+03:00
            [operating] => 2.299614906311
        )

)

------------------------

------------------------
2022.07.26 18:07:38
webform result
Array
(
    [result] => 117697
    [time] => Array
        (
            [start] => 1658848057.0607
            [finish] => 1658848058.0574
            [duration] => 0.99665498733521
            [processing] => 0.96274995803833
            [date_start] => 2022-07-26T18:07:37+03:00
            [date_finish] => 2022-07-26T18:07:38+03:00
            [operating] => 0.96272897720337
        )

)

------------------------

------------------------
2022.07.27 12:18:52
webform result
Array
(
    [result] => 117731
    [time] => Array
        (
            [start] => 1658913530.7897
            [finish] => 1658913532.1202
            [duration] => 1.3305377960205
            [processing] => 1.3008470535278
            [date_start] => 2022-07-27T12:18:50+03:00
            [date_finish] => 2022-07-27T12:18:52+03:00
            [operating] => 1.3008251190186
        )

)

------------------------

------------------------
2022.07.28 11:48:45
webform result
Array
(
    [result] => 117785
    [time] => Array
        (
            [start] => 1658998123.8411
            [finish] => 1658998125.137
            [duration] => 1.2959179878235
            [processing] => 1.2475271224976
            [date_start] => 2022-07-28T11:48:43+03:00
            [date_finish] => 2022-07-28T11:48:45+03:00
            [operating] => 1.2474911212921
        )

)

------------------------

------------------------
2022.07.30 11:54:26
webform result
Array
(
    [result] => 117899
    [time] => Array
        (
            [start] => 1659171265.2929
            [finish] => 1659171266.7714
            [duration] => 1.478462934494
            [processing] => 1.4471039772034
            [date_start] => 2022-07-30T11:54:25+03:00
            [date_finish] => 2022-07-30T11:54:26+03:00
            [operating] => 1.4470820426941
        )

)

------------------------

------------------------
2022.07.30 11:58:25
webform result
Array
(
    [result] => 117901
    [time] => Array
        (
            [start] => 1659171505.0119
            [finish] => 1659171505.7098
            [duration] => 0.69794201850891
            [processing] => 0.66719603538513
            [date_start] => 2022-07-30T11:58:25+03:00
            [date_finish] => 2022-07-30T11:58:25+03:00
            [operating] => 2.1142568588257
        )

)

------------------------

------------------------
2022.08.01 17:33:43
webform result
Array
(
    [result] => 118025
    [time] => Array
        (
            [start] => 1659364422.6852
            [finish] => 1659364423.7375
            [duration] => 1.0522730350494
            [processing] => 1.0190858840942
            [date_start] => 2022-08-01T17:33:42+03:00
            [date_finish] => 2022-08-01T17:33:43+03:00
            [operating] => 2.8037068843842
        )

)

------------------------

------------------------
2022.08.02 17:00:51
webform result
Array
(
    [result] => 118097
    [time] => Array
        (
            [start] => 1659448850.7722
            [finish] => 1659448851.7504
            [duration] => 0.97824001312256
            [processing] => 0.94724583625793
            [date_start] => 2022-08-02T17:00:50+03:00
            [date_finish] => 2022-08-02T17:00:51+03:00
            [operating] => 0.94716906547546
        )

)

------------------------

------------------------
2022.08.03 15:27:05
webform result
Array
(
    [result] => 118165
    [time] => Array
        (
            [start] => 1659529622.8319
            [finish] => 1659529625.2802
            [duration] => 2.4482700824738
            [processing] => 2.3404622077942
            [date_start] => 2022-08-03T15:27:02+03:00
            [date_finish] => 2022-08-03T15:27:05+03:00
            [operating_reset_at] => 1659530222
            [operating] => 2.3403699398041
        )

)

------------------------

------------------------
2022.08.04 17:16:13
webform result
Array
(
    [result] => 118253
    [time] => Array
        (
            [start] => 1659622572.8126
            [finish] => 1659622573.73
            [duration] => 0.91734194755554
            [processing] => 0.88621282577515
            [date_start] => 2022-08-04T17:16:12+03:00
            [date_finish] => 2022-08-04T17:16:13+03:00
            [operating_reset_at] => 1659623172
            [operating] => 0.8861939907074
        )

)

------------------------

------------------------
2022.08.05 18:01:40
webform result
Array
(
    [result] => 118321
    [time] => Array
        (
            [start] => 1659711698.5314
            [finish] => 1659711700.7969
            [duration] => 2.2655370235443
            [processing] => 2.2206537723541
            [date_start] => 2022-08-05T18:01:38+03:00
            [date_finish] => 2022-08-05T18:01:40+03:00
            [operating_reset_at] => 1659712298
            [operating] => 2.2206339836121
        )

)

------------------------

------------------------
2022.08.08 19:19:33
webform result
Array
(
    [result] => 118427
    [time] => Array
        (
            [start] => 1659975572.0784
            [finish] => 1659975573.6661
            [duration] => 1.5876181125641
            [processing] => 1.5455701351166
            [date_start] => 2022-08-08T19:19:32+03:00
            [date_finish] => 2022-08-08T19:19:33+03:00
            [operating_reset_at] => 1659976172
            [operating] => 1.5455420017242
        )

)

------------------------

------------------------
2022.08.09 12:31:07
webform result
Array
(
    [result] => 118475
    [time] => Array
        (
            [start] => 1660037465.7297
            [finish] => 1660037467.4641
            [duration] => 1.7344379425049
            [processing] => 1.6962342262268
            [date_start] => 2022-08-09T12:31:05+03:00
            [date_finish] => 2022-08-09T12:31:07+03:00
            [operating_reset_at] => 1660038065
            [operating] => 1.6962068080902
        )

)

------------------------

------------------------
2022.08.09 14:05:10
webform result
Array
(
    [result] => 118483
    [time] => Array
        (
            [start] => 1660043109.325
            [finish] => 1660043110.1985
            [duration] => 0.87352705001831
            [processing] => 0.82726407051086
            [date_start] => 2022-08-09T14:05:09+03:00
            [date_finish] => 2022-08-09T14:05:10+03:00
            [operating_reset_at] => 1660043709
            [operating] => 0.82723808288574
        )

)

------------------------

------------------------
2022.08.09 14:43:22
webform result
Array
(
    [result] => 118493
    [time] => Array
        (
            [start] => 1660045401.3807
            [finish] => 1660045402.272
            [duration] => 0.89126110076904
            [processing] => 0.86147308349609
            [date_start] => 2022-08-09T14:43:21+03:00
            [date_finish] => 2022-08-09T14:43:22+03:00
            [operating_reset_at] => 1660046001
            [operating] => 0.86145091056824
        )

)

------------------------

------------------------
2022.08.09 15:10:38
webform result
Array
(
    [result] => 118495
    [time] => Array
        (
            [start] => 1660047036.6593
            [finish] => 1660047038.5318
            [duration] => 1.8724920749664
            [processing] => 1.8216128349304
            [date_start] => 2022-08-09T15:10:36+03:00
            [date_finish] => 2022-08-09T15:10:38+03:00
            [operating_reset_at] => 1660047636
            [operating] => 1.8215820789337
        )

)

------------------------

------------------------
2022.08.09 15:12:21
webform result
Array
(
    [result] => 118497
    [time] => Array
        (
            [start] => 1660047140.3976
            [finish] => 1660047141.273
            [duration] => 0.87539505958557
            [processing] => 0.85004591941833
            [date_start] => 2022-08-09T15:12:20+03:00
            [date_finish] => 2022-08-09T15:12:21+03:00
            [operating_reset_at] => 1660047740
            [operating] => 2.6716070175171
        )

)

------------------------

------------------------
2022.08.09 15:12:22
webform result
Array
(
    [result] => 118499
    [time] => Array
        (
            [start] => 1660047141.9022
            [finish] => 1660047142.747
            [duration] => 0.84480595588684
            [processing] => 0.81546711921692
            [date_start] => 2022-08-09T15:12:21+03:00
            [date_finish] => 2022-08-09T15:12:22+03:00
            [operating_reset_at] => 1660047741
            [operating] => 3.4870510101318
        )

)

------------------------
